secure_target_containment
unsat
secure_region_clipping
unsat
secure_quantization
unsat
secure_capability_epoch_rate_quota
unsat
secure_bounded_distinguishable_outcomes
unsat
negative_target_outside_allocation
sat
negative_unclipped_coordinate
sat
negative_unquantized_coordinate
sat
negative_frame_local_rate_reset
sat
negative_unbounded_target_partition
sat
