secure_all_message_payload_bounds
unsat
secure_chunk_prefix_is_accounted
unsat
secure_schema_counts_are_field_representable
unsat
secure_record_products_fit_u64
unsat
secure_exact_chunk_length_bounds_product
unsat
negative_omitted_chunk_prefix
sat
negative_unchecked_u32_record_product
sat
negative_record_max_used_as_chunk_count
sat
negative_variable_field_ignores_fixed_prefix
sat
