sophia_live_session_vt schema=4 status=queued target=1 modifier_releases=2
sophia_live_session_vt schema=4 status=requested target=1
sophia_live_session_vt schema=4 status=queued target=2 modifier_releases=2
sophia_live_session_vt schema=4 status=requested target=2
sophia_live_session_vt schema=4 status=queued target=3 modifier_releases=2
sophia_live_session_vt schema=4 status=requested target=3
sophia_live_session_vt schema=4 status=queued target=4 modifier_releases=2
sophia_live_session_vt schema=4 status=requested target=4
sophia_live_session_vt schema=4 status=queued target=5 modifier_releases=2
sophia_live_session_vt schema=4 status=requested target=5
sophia_live_session_vt schema=4 status=queued target=6 modifier_releases=2
sophia_live_session_vt schema=4 status=requested target=6
sophia_live_session_vt schema=4 status=queued target=7 modifier_releases=2
sophia_live_session_vt schema=4 status=requested target=7
sophia_live_session_vt schema=4 status=queued target=8 modifier_releases=2
sophia_live_session_vt schema=4 status=requested target=8
sophia_live_session_vt schema=4 status=queued target=9 modifier_releases=2
sophia_live_session_vt schema=4 status=requested target=9
sophia_live_session_vt schema=4 status=queued target=10 modifier_releases=2
sophia_live_session_vt schema=4 status=requested target=10
sophia_live_session_vt schema=4 status=queued target=11 modifier_releases=2
sophia_live_session_vt schema=4 status=requested target=11
sophia_live_session_vt schema=4 status=queued target=12 modifier_releases=2
sophia_live_session_vt schema=4 status=requested target=12
sophia_live_session_vt schema=6 status=quiesced target=1 outcome=drained drained=true abandoned_scanouts=0 skipped_present=none
sophia_live_session_vt schema=6 status=quiesced target=2 outcome=drained drained=true abandoned_scanouts=0 skipped_present=none
sophia_live_session_vt schema=6 status=quiesced target=4 outcome=drained drained=true abandoned_scanouts=0 skipped_present=none
sophia_live_session_vt schema=6 status=quiesced target=5 outcome=drained drained=true abandoned_scanouts=0 skipped_present=none
sophia_live_session_vt schema=6 status=quiesced target=6 outcome=drained drained=true abandoned_scanouts=0 skipped_present=none
sophia_live_session_vt schema=6 status=quiesced target=7 outcome=drained drained=true abandoned_scanouts=0 skipped_present=none
sophia_live_session_vt schema=6 status=quiesced target=8 outcome=drained drained=true abandoned_scanouts=0 skipped_present=none
sophia_live_session_vt schema=6 status=quiesced target=9 outcome=drained drained=true abandoned_scanouts=0 skipped_present=none
sophia_live_session_vt schema=6 status=quiesced target=10 outcome=drained drained=true abandoned_scanouts=0 skipped_present=none
sophia_live_session_vt schema=6 status=quiesced target=11 outcome=drained drained=true abandoned_scanouts=0 skipped_present=none
sophia_live_session_vt schema=6 status=quiesced target=12 outcome=drained drained=true abandoned_scanouts=0 skipped_present=none
sophia_live_seat schema=1 status=active source=resume
sophia_live_seat schema=1 status=active source=resume
sophia_live_seat schema=1 status=active source=resume
sophia_live_seat schema=1 status=active source=resume
sophia_live_seat schema=1 status=active source=resume
sophia_live_seat schema=1 status=active source=resume
sophia_live_seat schema=1 status=active source=resume
sophia_live_seat schema=1 status=active source=resume
sophia_live_seat schema=1 status=active source=resume
sophia_live_seat schema=1 status=active source=resume
sophia_live_seat schema=1 status=active source=resume
sophia_live_keyboard_coverage schema=1 status=complete shifted_positions=21 shifted_positions_required=21 virtual_terminals=12 virtual_terminals_required=12 content=redacted
sophia_live_session_keys schema=2 status=complete pending=0 release_barrier_pending=0 peak_pressed=2 synthetic_releases=24 state_only_releases=0 orphan_releases_suppressed=0 removed_surface_keys=0 repeat_active_seats=0 repeat_armed=0 repeat_routed=0 repeat_pulses=0 repeat_coalesced=0 repeat_cancelled=0 repeat_capacity_exhausted=0
sophia_live_session_health schema=1 status=clean protocol_errors=0 pending_wm=0 pending_actions=0 pending_input=0 wm_degraded=false
sophia_live_session_cleanup schema=1 status=clean app_groups=0
