sophia_live_wm schema=1 status=ready adapter=external socket=private restarts=0
sophia_session_app schema=1 status=started id=terminal source=startup
sophia_session_app schema=1 status=started id=terminal source=action
sophia_live_wm schema=1 status=layout_committed transaction=1 moved_surfaces=1 configure_acks=1 outcome=Committed
sophia_live_wm schema=1 status=focus_committed transaction=1 target=surface
sophia_live_session_input_pipeline schema=2 status=content_ready source=stable_present_scanout
sophia_live_session_input_pipeline schema=1 status=key_observed
sophia_live_session_input_pipeline schema=1 status=key_routed
sophia_live_session_input schema=1 status=ready source=physical text=sophia
sophia_live_session_pointer schema=1 status=ready source=physical action=select
sophia_live_session_pointer schema=2 status=motion_routed
sophia_live_session_pointer schema=2 status=button_routed count=1
sophia_session_app schema=1 status=started id=firefox source=action
sophia_firefox_m8 schema=1 status=page_ready title_bytes=16 content=redacted
sophia_firefox_m8 schema=1 status=stage_complete stage=loaded index=0 title_bytes=24 content=redacted
sophia_firefox_m8 schema=1 status=stage_complete stage=keyboard index=1 title_bytes=40 content=redacted
sophia_firefox_m8 schema=1 status=stage_complete stage=clipboard index=2 title_bytes=56 content=redacted
sophia_firefox_m8 schema=1 status=stage_complete stage=primary index=3 title_bytes=72 content=redacted
sophia_firefox_m8 schema=1 status=stage_complete stage=resize index=4 title_bytes=88 content=redacted
sophia_firefox_m8 schema=1 status=stage_complete stage=dialog index=5 title_bytes=104 content=redacted
sophia_session_app schema=1 status=exited id=firefox source=managed exit_status=exit status: 0
sophia_session_app schema=1 status=started id=firefox source=action
sophia_session_app schema=1 status=exited id=firefox source=managed exit_status=exit status: 0
sophia_firefox_m8 schema=1 status=complete stages=6 selection_owner_changes=2 selection_conversions=2 content=redacted
sophia_live_wm schema=1 status=session_action_committed transaction=20 action=Logout
sophia_live_session_protocol_errors schema=1 expected=2 unexpected=0
sophia_live_session_health schema=1 status=clean protocol_errors=0 pending_wm=0 pending_actions=0 pending_input=0 wm_degraded=false
sophia_live_session schema=14 status=bounded_complete elapsed_msec=120000 startup_ready_msec=700 physical_events=40 physical_keys_routed=30 physical_pointer_events=10 physical_pointer_routed=10 pointer_pixel_change=true pointer_proof=enabled wm_requests=20 wm_committed=20 native_submissions=100 native_retirements=100 native_frame_uploads=100 input_events_expected=40 input_events_flushed=40 input_pixel_change=true input_text_match=true native_presentation=enabled physical_input=enabled wm_policy=external wm_restarts=0 wm_degraded=false native_submit_failures=0 native_retire_failures=0 native_callback_rejected=0 native_callback_queue_saturated=0 native_in_flight=false native_cleanup_pending=false present_disconnect_failures=0 present_live_sources=0 present_live_fences=0 present_live_transactions=0
