sophia_live_session_startup schema=2 status=output_baseline_ready outputs=2/2
sophia_live_session_startup schema=2 status=ready outputs_ready=2/2 elapsed_msec=650
sophia_session_app schema=1 status=started id=terminal source=startup
sophia_session_app schema=1 status=started id=terminal source=action
sophia_session_app schema=1 status=started id=terminal source=action
sophia_session_app schema=1 status=started id=terminal source=action
sophia_live_wm schema=1 status=layout_committed transaction=4 surfaces=4 moved_surfaces=4 configure_deliveries=4 outcome=Committed
sophia_live_wm schema=3 status=focus_requested source=pointer surface=41
sophia_live_wm schema=1 status=focus_committed transaction=5 target=surface
sophia_live_session_input_pipeline schema=1 status=focus_applied source=x11-control
sophia_live_session_pointer schema=5 status=focus_handoff_released surface=41 count=2
sophia_live_session_pointer schema=6 status=focused_key_routed surface=41
sophia_live_session_vt schema=4 status=queued target=2 modifier_releases=3
sophia_live_session_vt schema=6 status=quiesced target=2 outcome=drained drained=true abandoned_scanouts=0 skipped_present=none
sophia_live_session_vt schema=4 status=requested target=2
sophia_live_seat schema=1 status=suspended
sophia_live_seat schema=1 status=active source=resume
sophia_live_native_page_flip schema=1 status=retired output=1 submission=8
sophia_live_output schema=1 status=complete output=1 checksum=1 submissions=8 retirements=7 callbacks=7 nonzero_exports=4
sophia_live_output schema=1 status=complete output=2 checksum=2 submissions=1 retirements=0 callbacks=0 nonzero_exports=1
sophia_live_wm schema=1 status=session_action_committed transaction=6 action=Logout
sophia_live_session_health schema=1 status=clean protocol_errors=0 pending_wm=0 pending_actions=0 pending_input=0 wm_degraded=false
sophia_live_session_protocol_errors schema=1 expected=0 unexpected=0
sophia_live_session schema=15 status=bounded_complete physical_input=enabled physical_keys_routed=8 physical_pointer_routed=12 wm_policy=external wm_restarts=0 wm_degraded=false native_mixed_exports=40 native_submit_failures=0 native_retire_failures=0 native_callback_rejected=0 native_in_flight=false native_cleanup_pending=false
sophia_live_session_native_suspend schema=2 outcome=drained drained=true abandoned_scanouts=0 skipped_present=none
sophia_live_session_cleanup schema=1 status=clean app_groups=0
