sophia_live_wm schema=1 status=ready adapter=external socket=private restarts=0
sophia_live_compositor_damage schema=1 status=initial_presented output=1 rects=0
sophia_live_compositor_damage schema=1 status=initial_presented output=2 rects=0
sophia_live_output_repaint schema=1 status=initial_presented output=1 mode=full rects=1 pixels=3686400
sophia_live_output_repaint schema=1 status=initial_presented output=2 mode=full rects=1 pixels=3686400
sophia_live_compositor_chrome schema=1 status=focused_border_composed surface=1 generation=1 primitives=4
sophia_qemu_xmonad_input schema=1 status=sent chord=meta_l+j
sophia_qemu_xmonad_pointer_focus schema=1 status=begin gesture=click
sophia_qemu_xmonad_pointer schema=4 status=sent source=qmp device=virtio-mouse action=focus_click anchor=left_edge clicks=1 commands=3
sophia_qemu_xmonad_pointer_focus schema=1 status=gesture_sent gesture=click
sophia_live_wm schema=3 status=focus_requested source=pointer surface=2
sophia_live_wm schema=1 status=focus_committed transaction=2 target=surface
sophia_live_session_input_pipeline schema=1 status=focus_applied source=x11-control
sophia_live_session_pointer schema=5 status=focus_handoff_released surface=2 count=2
sophia_live_compositor_chrome schema=1 status=focused_border_composed surface=2 generation=1 primitives=4
sophia_live_compositor_damage schema=1 status=presented output=1 rects=8
sophia_live_output_damage schema=1 status=presented output=1 rects=8
sophia_live_output_repaint schema=1 status=presented output=1 mode=partial rects=8 pixels=1408
sophia_qemu_xmonad_pointer_focus schema=1 status=key_probe_begin gesture=click events=2
sophia_qemu_xmonad_pointer_focus schema=1 status=key_probe_sent gesture=click events=2
sophia_live_session_pointer schema=6 status=focused_key_routed surface=2
sophia_qemu_xmonad_pointer_focus schema=1 status=complete gesture=click
sophia_qemu_xmonad_input schema=1 status=sent chord=meta_l+j
sophia_qemu_xmonad_pointer_focus schema=1 status=begin gesture=drag
sophia_qemu_xmonad_pointer schema=1 status=sent source=qmp device=virtio-mouse action=focus_drag anchor=left_edge drag=96x24 commands=4
sophia_qemu_xmonad_pointer_focus schema=1 status=gesture_sent gesture=drag
sophia_live_wm schema=3 status=focus_requested source=pointer surface=2
sophia_live_wm schema=1 status=focus_committed transaction=3 target=surface
sophia_live_session_input_pipeline schema=1 status=focus_applied source=x11-control
sophia_live_session_pointer schema=5 status=focus_handoff_released surface=2 count=3
sophia_live_compositor_chrome schema=1 status=focused_border_composed surface=2 generation=1 primitives=4
sophia_live_compositor_damage schema=1 status=presented output=1 rects=8
sophia_live_output_damage schema=1 status=presented output=1 rects=8
sophia_live_output_repaint schema=1 status=presented output=1 mode=partial rects=8 pixels=1408
sophia_qemu_xmonad_pointer_focus schema=1 status=key_probe_begin gesture=drag events=2
sophia_qemu_xmonad_pointer_focus schema=1 status=key_probe_sent gesture=drag events=2
sophia_live_session_pointer schema=6 status=focused_key_routed surface=2
sophia_qemu_xmonad_pointer_focus schema=1 status=complete gesture=drag
sophia_live_session_pointer schema=7 status=output_edge_confined axis=horizontal side=maximum
sophia_live_session_pointer schema=7 status=edge_reverse_immediate axis=horizontal side=maximum
sophia_qemu_xmonad_pointer schema=3 status=passed source=qmp device=virtio-mouse action=output_edge_reverse edge=right reverse_delta=96
sophia_qemu_xmonad_input schema=1 status=sent chord=meta_l+k
sophia_qemu_xmonad_input schema=1 status=sent chord=meta_l+spc
sophia_qemu_xmonad_input schema=1 status=sent chord=meta_l+2
sophia_live_wm schema=2 status=workspace_projection_committed transaction=9 output=1 workspace=2 visible_surfaces=0 focus=none
sophia_qemu_xmonad_pointer schema=5 status=begin action=empty_workspace_click
sophia_live_session_pointer schema=8 status=button_suppressed reason=no_target count=2 total=2
sophia_qemu_xmonad_pointer schema=5 status=passed action=empty_workspace_click focus_requests=0 routed_buttons=0
sophia_qemu_xmonad_input schema=1 status=sent chord=meta_l+1
sophia_qemu_xmonad_input schema=1 status=sent chord=meta_l+ret
sophia_qemu_xmonad_input schema=1 status=sent chord=meta_l+shift+c
sophia_qemu_xmonad_input schema=1 status=sent chord=meta_l+shift+q
sophia_live_wm schema=1 status=session_action_committed transaction=10 action=LaunchTerminal
sophia_live_wm schema=1 status=layout_committed transaction=10 surfaces=3 moved_surfaces=1 configure_deliveries=1 outcome=Committed
sophia_live_wm schema=1 status=session_action_committed transaction=11 action=CloseFocused
sophia_live_wm schema=1 status=session_action_committed transaction=12 action=Logout
sophia_qemu_xmonad schema=1 status=restart_injected target=compatibility_bridge
sophia_live_wm schema=1 status=restarted restarts=1 preserved_layout=true
sophia_live_session schema=14 status=bounded_complete cpu_layers=2 wm_policy=external wm_requests=12 wm_committed=12 wm_degraded=false cleanup=clean
sophia_qemu_guest schema=1 status=complete scenario=xmonad-m7
