sophia_qemu_interactive schema=2 status=starting isolation=manual display_backend=vnc-unix control=qmp-unix pointer=virtio-relative vmport=off host_drm=none host_vt=none guest_network=none storage=none proof_watchdog=off fault_injection=off
sophia_qemu_interactive schema=1 status=viewer_started program=vncviewer
sophia_qemu_interactive schema=1 status=display_attached backend=vnc-unix
sophia_qemu_guest schema=1 status=booting gpu=virtio-gpu scenario=xmonad-interactive
sophia_qemu_topology schema=1 status=observed requested_heads=2 connectors=2 connected=2
sophia_qemu_xmonad schema=1 status=running windows=1 profile=xmonad mode=interactive proof_watchdog=off fault_injection=off
sophia_live_session_input_devices schema=1 source=initial added=2 removed=0 active=2 keyboards=1 pointers=1 touch=0
sophia_session_app schema=1 status=started id=terminal source=startup
sophia_live_wm schema=1 status=ready adapter=external socket=private restarts=0
sophia_live_session_input_pipeline schema=1 status=focus_ready
sophia_live_wm schema=2 status=workspace_projection_committed transaction=1 output=1 workspace=1 visible_surfaces=1 focus=surface
sophia_live_session_startup schema=2 status=output_baseline_ready outputs=2/2
sophia_live_session_pointer schema=1 status=visible source=physical position=center
sophia_qemu_interactive schema=1 status=ready actions=freeform shutdown=meta_l+shift+q
sophia_qemu_interactive schema=1 status=host_input_delivered kind=pointer
sophia_qemu_interactive schema=1 status=qemu_input_delivered kind=motion
sophia_qemu_interactive schema=1 status=qemu_input_delivered kind=button
sophia_live_session_pointer schema=2 status=motion_observed
sophia_live_session_pointer schema=2 status=motion_routed
sophia_live_session_pointer schema=2 status=button_observed count=1
sophia_live_session_pointer schema=2 status=button_routed count=1
sophia_qemu_interactive schema=2 status=host_input_delivered kind=keyboard count=1
sophia_qemu_interactive schema=2 status=qemu_input_delivered kind=keyboard count=1
sophia_live_session_input_pipeline schema=1 status=key_observed
sophia_live_session_input_pipeline schema=1 status=key_routed
sophia_session_app schema=2 status=started id=terminal source=action transaction=2
sophia_live_wm schema=3 status=focus_requested source=pointer surface=2097166
sophia_live_session_input_pipeline schema=1 status=focus_applied source=x11-control
sophia_live_session_pointer schema=6 status=focused_key_routed surface=2097166
sophia_qemu_interactive schema=2 status=host_input_delivered kind=keyboard count=8
sophia_qemu_interactive schema=2 status=qemu_input_delivered kind=keyboard count=8
sophia_live_wm schema=1 status=physical_action_committed action=FocusDown
sophia_live_session_input_pipeline schema=1 status=focus_applied source=x11-control
sophia_live_wm schema=1 status=session_action_committed transaction=3 action=CloseFocused
sophia_session_app schema=1 status=exited id=terminal source=managed exit_status=exit status: 0
sophia_live_wm schema=1 status=session_action_committed transaction=4 action=Logout
sophia_live_session_native_suspend schema=2 outcome=drained drained=true abandoned_scanouts=0 skipped_present=none
sophia_live_session_health schema=1 status=clean protocol_errors=0 pending_wm=0 pending_actions=0 pending_input=0 wm_degraded=false
sophia_live_session_protocol_errors schema=1 expected=2 unexpected=0
sophia_live_session schema=16 status=bounded_complete physical_keys_routed=12 native_submit_failures=0 native_retire_failures=0 native_callback_rejected=0 native_in_flight=false native_cleanup_pending=false physical_input=enabled wm_policy=external
sophia_live_output schema=1 status=complete output=1 checksum=10 submissions=2 retirements=2 callbacks=2 nonzero_exports=2
sophia_live_output schema=1 status=complete output=2 checksum=20 submissions=2 retirements=2 callbacks=2 nonzero_exports=2
sophia_live_session_cleanup schema=1 status=clean app_groups=0 frontend_workers=0 namespace=revoked xauthority=removed
sophia_qemu_guest schema=1 status=complete scenario=xmonad-interactive
