sophia_qemu_session schema=3 status=starting isolation=headless display_sink=vnc-unix control=qmp-unix host_drm=none host_vt=none guest_network=none storage=none gpu=virtio-gpu gpu_devices=2 gpu_heads=2 keyboard=virtio mouse=virtio ticks=300
sophia_qemu_guest schema=1 status=booting gpu=virtio-gpu ticks=300
sophia_qemu_topology schema=1 status=observed requested_heads=2 connectors=2 connected=2
sophia_live_session_input_pipeline schema=3 status=poller_ready source=paths seat=explicit devices=6 active=6 keyboards=3 pointers=3 touch=0 tap_capable=0 tap_enabled=0
sophia_live_session_mode schema=1 mode=proof configured_apps=0 startup_apps=0
sophia_live_session schema=7 status=running display=:181 terminal=xterm runtime=persistent authority_capacity=256 input_capacity=64 control_capacity=32 native_presentation=enabled physical_input=enabled pointer_proof=enabled secondary_terminal=disabled wm_policy=disabled namespace_profile=classic_shared namespace_request_capabilities=0 namespace_publish_capabilities=0
sophia_live_session_input_proof schema=1 status=enabled
sophia_live_outputs schema=2 status=ready discovered=2 presentation=2 native_owned=2 multi_output_scanout=enabled layout=extended_horizontal
sophia_live_session_pointer schema=2 status=visible source=hardware_cursor
sophia_live_session_startup schema=2 status=output_baseline_ready outputs=2/2
sophia_live_session_input_pipeline schema=1 status=focus_ready
sophia_live_session_startup schema=1 status=content_ready source=cpu_visual_detail
sophia_live_session_input_pipeline schema=2 status=content_ready source=cpu_visual_detail
sophia_live_session_input_pipeline schema=1 status=focus_applied source=x11-control
sophia_live_session_startup schema=2 status=ready elapsed_msec=322 surface=true visual_detail=true presented=true outputs_ready=2/2 recovery_attempts=0
sophia_live_session_input schema=1 status=ready source=physical text=sophia
sophia_live_input_latency schema=1 status=ingress source=libinput_kernel event_serial=1 ingress_msec=3213 queue_dwell_msec=2
sophia_live_session_input_pipeline schema=1 status=key_observed
sophia_live_session_input_pipeline schema=1 status=key_routed
sophia_live_input_latency schema=1 status=ingress source=libinput_kernel event_serial=3 ingress_msec=3428 queue_dwell_msec=0
sophia_live_input_latency schema=1 status=ingress source=libinput_kernel event_serial=5 ingress_msec=3608 queue_dwell_msec=0
sophia_live_input_latency schema=1 status=ingress source=libinput_kernel event_serial=7 ingress_msec=3810 queue_dwell_msec=0
sophia_live_input_latency schema=1 status=ingress source=libinput_kernel event_serial=9 ingress_msec=4011 queue_dwell_msec=0
sophia_live_input_latency schema=1 status=ingress source=libinput_kernel event_serial=11 ingress_msec=4212 queue_dwell_msec=0
sophia_live_input_latency schema=1 status=ingress source=libinput_kernel event_serial=13 ingress_msec=4413 queue_dwell_msec=0
sophia_live_session_input_pipeline schema=2 status=key_flushed source=physical expected=14 flushed=14
sophia_live_session_input schema=3 status=semantic_complete source=physical text_match=true bytes=6
sophia_live_session_input schema=2 status=complete source=physical text=sophia expected_events=14 matched_events=14 pixel_change=true
sophia_live_session_pointer schema=1 status=visible source=physical position=center
sophia_live_session_pointer schema=1 status=ready source=physical action=select
sophia_qemu_input schema=1 status=sent source=qmp device=virtio-keyboard text=sophia events=14
sophia_live_session_pointer schema=2 status=motion_observed
sophia_live_session_pointer schema=2 status=motion_routed
sophia_live_session_pointer schema=2 status=button_observed count=1
sophia_live_session_pointer schema=2 status=button_routed count=1
sophia_qemu_pointer schema=1 status=sent source=qmp device=virtio-mouse action=select commands=5
sophia_live_session_native_suspend schema=2 outcome=drained drained=true abandoned_scanouts=0 skipped_present=none
sophia_live_input_latency schema=1 status=complete source=libinput_to_kernel_page_flip ingress_msec=4413 queue_dwell_msec=0 dwell_to_submit_msec=64 submit_to_page_flip_msec=0 full_chain_msec=64
sophia_live_input_latency_distribution schema=1 status=complete source=libinput_to_kernel_page_flip samples=7 evicted=0 abandoned=0 unsettled=0 min_usec=64056 p50_usec=89453 p95_usec=148321 p99_usec=148321 max_usec=148321 max_queue_dwell_usec=2000 max_submit_to_page_flip_usec=36062
sophia_live_session_input_devices schema=1 source=paths added=6 removed=0 active=6 keyboards=3 pointers=3 touch=0
sophia_live_page_flip_clock schema=1 status=complete source=kernel_monotonic timestamps=36 fallbacks=0 pending=0
sophia_live_session_scheduler schema=1 authority_batches=36 cpu_compositions=23 coalesced_batches=0 merged_batches=13 max_merge_run=6
sophia_live_session_cursor schema=5 path=legacy_ioctl plane=unprobed moves_coalesced=0 max_motion_to_submit_msec=128 initialization_max_msec=0 initialization_deferrals=0 max_update_msec=14 updates_primary_in_flight=0 buttons_routed=4 hardware_updates=3 hidden_updates=0 hardware_failures=0
sophia_live_session_health schema=1 status=clean protocol_errors=0 pending_wm=0 pending_actions=0 pending_input=0 wm_degraded=false
sophia_live_output_topology_monitor schema=1 source=kernel status=complete observed=0 coalesced=0 delivered=0
sophia_live_output_topology_health schema=1 status=clean quarantined=false
sophia_live_session_protocol_errors schema=1 expected=0 unexpected=0
sophia_live_session schema=16 status=bounded_complete display=:181 elapsed_msec=2201 startup_ready_msec=322 session_ticks=300 authority_batches=36 authority_transactions=32 authority_queue_capacity=256 authority_batches_dropped=0 backend_ticks=448 runtime_committed=32 runtime_surfaces=1 cpu_layers=1 cpu_nonzero_pixel_bytes=5 cpu_max_nonzero_pixel_bytes=5 cpu_nonzero_frames=19 cpu_checksum=5221873613716795199 cpu_max_compose_msec=2 injected_input=false input_events_expected=19 input_events_flushed=19 input_flush_latency_msec=1 input_pixel_change=true input_text_match=true input_presented_latency_msec=64 input_dispatch_max_gap_msec=44 input_queue_max_depth=3 input_queue_dwell_max_msec=2 physical_events=19 physical_keys_routed=14 pointer_pixel_change=true physical_pointer_events=5 physical_pointer_routed=5 pointer_proof=enabled native_presentation=enabled native_submissions=38 native_submit_deferred=878 native_submit_failures=0 native_retirements=36 native_retire_failures=0 native_max_in_flight_ticks=0 native_max_submit_to_page_flip_msec=99 native_max_upload_msec=0 native_max_target_create_msec=49 native_max_frame_surface_create_msec=0 native_max_render_msec=94 native_target_creations=6 native_target_recreations=0 native_pipeline_creations=6 native_frame_surface_creations=6 native_frame_uploads=0 native_callback_accepted=36 native_callback_rejected=0 native_callback_queue_saturated=0 native_nonzero_exports=16 native_mixed_exports=38 native_export_attempts=38 native_in_flight=false native_cleanup_pending=false physical_input=enabled wm_policy=disabled wm_requests=0 wm_committed=0 wm_restarts=0 wm_degraded=false namespace_profile=classic_shared output_update=disabled output_notifications=0 surface_resize=disabled present_complete_copy=0 present_complete_flip=0 present_complete_skip=0 present_idle=0 present_complete_routed=0 present_idle_routed=0 present_route_failures=0 present_idle_fence_triggers=0 present_disconnect_sources=0 present_disconnect_fences=0 present_disconnect_failures=0 present_live_sources=0 present_live_fences=0 present_live_transactions=0 present_acquire_waits=0 present_controlled_rejections=0
sophia_live_vsync schema=1 status=complete outputs=2 overlap_rejections=0 phase_rejections=0 policy=page_flip_paced
sophia_live_output schema=1 status=complete output=1 checksum=331214178555608479 submissions=18 retirements=17 callbacks=17 nonzero_exports=16
sophia_live_output schema=1 status=complete output=2 checksum=14695981039346656037 submissions=20 retirements=19 callbacks=19 nonzero_exports=0
sophia_live_session_control schema=2 status=complete enqueued=1 dispatched=1 delivered=1 stale_retired=0 rejected=0 timed_out=0 unexpected=0 pending=0 peak_depth=1 max_queue_dwell_msec=0 max_ack_msec=82
sophia_live_session_keys schema=2 status=complete pending=0 release_barrier_pending=0 peak_pressed=1 synthetic_releases=0 state_only_releases=0 orphan_releases_suppressed=0 removed_surface_keys=0 repeat_active_seats=0 repeat_armed=7 repeat_routed=0 repeat_pulses=0 repeat_coalesced=0 repeat_cancelled=7 repeat_capacity_exhausted=0
sophia_live_session_protocol_error_tally schema=2 status=clean major=0 minor=0 code=0 count=0 distinct=0 discarded=0
sophia_live_session_lifecycle schema=1 status=stopping_frontend
sophia_live_session_lifecycle schema=1 status=stopping_clients
sophia_live_session_lifecycle schema=1 status=joining_frontend
sophia_live_session_lifecycle schema=1 status=frontend_joined
sophia_live_session_cleanup schema=1 status=clean app_groups=0 frontend_workers=0 namespace=revoked xauthority=removed
sophia_qemu_guest schema=1 status=complete ticks=300
sophia_qemu_session schema=3 status=complete qemu_exit=0
